2026-09-01 12:36:44 [info] [LoginPage] navigateTo /playwright/ttacart/index.html
2026-09-01 12:36:49 [info] [LoginPage] Login attempt for user: standard_user
2026-09-01 12:36:49 [info] [LoginPage] Login succeeded for standard_user
2026-09-07 13:06:56 [info] [LoginPage] navigateTo /playwright/ttacart/index.html
2026-09-07 13:18:42 [info] [LoginPage] navigateTo /playwright/ttacart/index.html
2026-09-07 16:05:30 [info] [LoginPage] navigateTo /playwright/ttacart/index.html
2026-09-07 16:24:15 [info] [LoginPage] navigateTo /playwright/ttacart/index.html
2026-09-07 16:24:25 [info] [LoginPage] Login attempt for user: standard_user
2026-09-07 16:24:30 [info] [LoginPage] Login succeeded for standard_user
2026-09-07 16:24:30 [info] [E2E-Checkout] Step 2: navigating to the inventory page
2026-09-07 16:24:30 [info] [InventoryPage] navigateTo /playwright/ttacart/inventory.html
2026-09-07 16:24:35 [info] [E2E-Checkout] Step 3: adding item "test-allthethings-tshirt-red" to the cart
2026-09-07 16:24:37 [info] [E2E-Checkout] Step 4: opening the cart and verifying one row
2026-09-07 16:24:37 [info] [CartPage] navigateTo /playwright/ttacart/cart.html
2026-09-07 16:24:42 [info] [E2E-Checkout] Step 5a: filling guest details for Cecil Rodriguez
2026-09-07 16:24:52 [info] [E2E-Checkout] Step 5b: reviewing the overview and finishing the order
2026-09-07 16:24:57 [info] [E2E-Checkout] Step 6: asserting the order is complete
2026-09-07 16:32:09 [info] [LoginPage] navigateTo /playwright/ttacart/index.html
2026-09-07 16:32:12 [info] [LoginPage] Login attempt for user: standard_user
2026-09-07 16:32:20 [info] [LoginPage] Login succeeded for standard_user
2026-09-07 16:32:20 [info] [E2E-Checkout] Step 2: navigating to the inventory page
2026-09-07 16:32:20 [info] [InventoryPage] navigateTo /playwright/ttacart/inventory.html
2026-09-07 16:32:23 [info] [E2E-Checkout] Step 3: adding item "test-allthethings-tshirt-red" to the cart
2026-09-07 16:32:26 [info] [E2E-Checkout] Step 4: opening the cart and verifying one row
2026-09-07 16:32:26 [info] [CartPage] navigateTo /playwright/ttacart/cart.html
2026-09-07 16:32:32 [info] [E2E-Checkout] Step 5a: filling guest details for Dasia Howe
2026-09-07 16:32:41 [info] [E2E-Checkout] Step 5b: reviewing the overview and finishing the order
2026-09-07 16:32:46 [info] [E2E-Checkout] Step 6: asserting the order is complete
