2026-09-07 16:04:07 [error] uncaughtException: EPIPE: broken pipe, write
Error: EPIPE: broken pipe, write
    at Socket._write (node:internal/net:75:18)
    at writeOrBuffer (node:internal/streams/writable:570:12)
    at _write (node:internal/streams/writable:499:10)
    at Socket.Writable.write (node:internal/streams/writable:508:10)
    at console.value (node:internal/console/constructor:313:16)
    at console.log (node:internal/console/constructor:416:26)
    at CustomTTAReporter.onTestBegin (D:\Advance_playwright_Framework\src\utils\CustomReporter.ts:121:17)
    at ReporterV2Wrapper.onTestBegin (D:\Advance_playwright_Framework\node_modules\playwright\lib\runner\index.js:1717:33)
    at D:\Advance_playwright_Framework\node_modules\playwright\lib\runner\index.js:1600:46
    at Multiplexer._wrap (D:\Advance_playwright_Framework\node_modules\playwright\lib\runner\index.js:1659:7)
    at Multiplexer.onTestBegin (D:\Advance_playwright_Framework\node_modules\playwright\lib\runner\index.js:1600:12)
    at InternalReporter.onTestBegin (D:\Advance_playwright_Framework\node_modules\playwright\lib\runner\index.js:1787:33)
    at JobDispatcher._failTestWithErrors (D:\Advance_playwright_Framework\node_modules\playwright\lib\runner\index.js:5550:43)
    at JobDispatcher._massSkipTestsFromRemaining (D:\Advance_playwright_Framework\node_modules\playwright\lib\runner\index.js:5563:14)
    at JobDispatcher._onDone (D:\Advance_playwright_Framework\node_modules\playwright\lib\runner\index.js:5594:14)
    at JobDispatcher.onExit (D:\Advance_playwright_Framework\node_modules\playwright\lib\runner\index.js:5638:10)
    at Dispatcher._runJobInWorker (D:\Advance_playwright_Framework\node_modules\playwright\lib\runner\index.js:5288:21)
    at processTicksAndRejections (node:internal/process/task_queues:103:5)
2026-09-07 16:04:07 [error] uncaughtException: EPIPE: broken pipe, write
Error: EPIPE: broken pipe, write
    at Socket._write (node:internal/net:75:18)
    at writeOrBuffer (node:internal/streams/writable:570:12)
    at _write (node:internal/streams/writable:499:10)
    at Socket.Writable.write (node:internal/streams/writable:508:10)
    at console.value (node:internal/console/constructor:313:16)
    at console.log (node:internal/console/constructor:416:26)
    at CustomTTAReporter.onTestBegin (D:\Advance_playwright_Framework\src\utils\CustomReporter.ts:121:17)
    at ReporterV2Wrapper.onTestBegin (D:\Advance_playwright_Framework\node_modules\playwright\lib\runner\index.js:1717:33)
    at D:\Advance_playwright_Framework\node_modules\playwright\lib\runner\index.js:1600:46
    at Multiplexer._wrap (D:\Advance_playwright_Framework\node_modules\playwright\lib\runner\index.js:1659:7)
    at Multiplexer.onTestBegin (D:\Advance_playwright_Framework\node_modules\playwright\lib\runner\index.js:1600:12)
    at InternalReporter.onTestBegin (D:\Advance_playwright_Framework\node_modules\playwright\lib\runner\index.js:1787:33)
    at JobDispatcher._failTestWithErrors (D:\Advance_playwright_Framework\node_modules\playwright\lib\runner\index.js:5550:43)
    at JobDispatcher._massSkipTestsFromRemaining (D:\Advance_playwright_Framework\node_modules\playwright\lib\runner\index.js:5563:14)
    at JobDispatcher._onDone (D:\Advance_playwright_Framework\node_modules\playwright\lib\runner\index.js:5594:14)
    at JobDispatcher.onExit (D:\Advance_playwright_Framework\node_modules\playwright\lib\runner\index.js:5638:10)
    at Dispatcher._runJobInWorker (D:\Advance_playwright_Framework\node_modules\playwright\lib\runner\index.js:5288:21)
    at processTicksAndRejections (node:internal/process/task_queues:103:5)
